/openedx/staticfiles/instructor/ProblemBrowser/components/Main/__snapshots__/Main.test.jsx.015b2b911169.snap