/openedx/staticfiles/common/js/components/BlockBrowser/components/BlockBrowser/__snapshots__/BlockBrowser.test.jsx.38fd21dc9c14.snap