/openedx/staticfiles/instructor/ProblemBrowser/components/ReportStatus/__snapshots__/ReportStatus.test.jsx.5ee7de75c3db.snap