/openedx/staticfiles/announcements/jsx/__snapshots__/Announcements.test.jsx.95412c3287dd.snap